--- before spawn: pool status
base  main  (repository default)
1     available    ~/.treehouse/scratch-project-f66746/1/scratch-project  (detached)
old slot /home/user1kuljeet/.treehouse/scratch-project-f66746/1/scratch-project HEAD eb86b0fe824a5412565565d147bb02065b025c6b (unlanded speed work)
--- fm-spawn newtask rc=0
fm-gate-refuse: gate agent lifecycle permitted only against lab home /tmp/fm-adv.idCh9S/home
warning: /tmp/fm-adv.idCh9S/home/data/newtask/launch-brief.md records no ship branch; defaulting to legacy branch fm/newtask
warning: /tmp/fm-adv.idCh9S/home/data/newtask/launch-brief.md records no delivery contract line (scaffolded before ship briefs recorded one); launching on the explicit --mode no-mistakes - confirm its definition of done matches
--- after spawn: pool status
base  main  (repository default)
1     available    ~/.treehouse/scratch-project-f66746/1/scratch-project  (detached)
2     in-use       ~/.treehouse/scratch-project-f66746/2/scratch-project  (detached)
                   bash (416488), sleep (419745)
newtask worktree: /home/user1kuljeet/.treehouse/scratch-project-f66746/2/scratch-project
old slot HEAD now eb86b0fe824a5412565565d147bb02065b025c6b (unlanded speed work)
old slot claim:
task=oldspeed
home=/tmp/fm-adv.idCh9S/home
ok - live task copy HEAD unchanged
ok - oldspeed claim intact
ok - newtask got a different slot
not ok - old slot lease holder ''
